
> tidjani-frontend@0.0.0 build
> next build

   Γû▓ Next.js 15.1.9
   - Environments: .env.local

   Creating an optimized production build ...
 Γ£ô Compiled successfully
   Linting and checking validity of types ...
node.exe : 
At C:\Program Files\nod
ejs\npm.ps1:29 char:3
+   & $NODE_EXE 
$NPM_CLI_JS $args
+   ~~~~~~~~~~~~~~~~~~~
~~~~~~~~~~
    + CategoryInfo     
         : NotSpecifi  
  ed: (:String) [],    
 RemoteException
    + FullyQualifiedEr 
   rorId : NativeComm  
  andError
 
 ΓÜá The Next.js 
plugin was not 
detected in your 
ESLint configuration. 
See https://nextjs.org/
docs/app/api-reference/
config/eslint#migrating
-existing-config

Failed to compile.

./app/projects/page.tsx
5:14  Warning: Fast 
refresh only works 
when a file only 
exports components. 
Use a new file to 
share constants or 
functions between 
components.  react-refr
esh/only-export-compone
nts

./app/projects/[slug]/d
ashboard/page.tsx
10:23  Warning: Fast 
refresh only works 
when a file only 
exports components. 
Use a new file to 
share constants or 
functions between 
components.  react-refr
esh/only-export-compone
nts

./app/projects/[slug]/f
eatures/page.tsx
10:23  Warning: Fast 
refresh only works 
when a file only 
exports components. 
Use a new file to 
share constants or 
functions between 
components.  react-refr
esh/only-export-compone
nts

./app/projects/[slug]/p
age.tsx
10:23  Warning: Fast 
refresh only works 
when a file only 
exports components. 
Use a new file to 
share constants or 
functions between 
components.  react-refr
esh/only-export-compone
nts

./app/projects/[slug]/r
egister/page.tsx
10:23  Warning: Fast 
refresh only works 
when a file only 
exports components. 
Use a new file to 
share constants or 
functions between 
components.  react-refr
esh/only-export-compone
nts

./components/Projects/F
eaturesView.tsx
6:23  Error: 'FaGlobe' 
is defined but never 
used.  @typescript-esli
nt/no-unused-vars

info  - Need to 
disable some ESLint 
rules? Learn more 
here: https://nextjs.or
g/docs/app/api-referenc
e/config/eslint#disabli
ng-rules
